// Jest Snapshot v1, https://goo.gl/fbAQLP

exports[`EmptyState render as expected 1`] = `
<View
  style={
    Object {
      "alignItems": "center",
      "flex": 1,
      "justifyContent": "center",
    }
  }
>
  <Text
    style={
      Object {
        "color": "#ffffff",
        "fontSize": 16,
      }
    }
  >
    Type what you have to do
  </Text>
</View>
`;
